==========================================
R10 PARALELO - Walk-Forward + Bootstrap
==========================================
run_id     = 20260526-035552
out_dir    = reports/r10-20260526-035552
vCPU disp. = 8, workers=8
mining     = 2018-01-01 a 2024-12-31 (walk-forward: m1<=2020-12-31, m2<=2022-12-31, m3<=2024-12-31)
val        = 2025-01-01 a 2025-12-31
oos        = 2026-01-01 a 2026-05-25 (jamais usado para filtrar)
gates_A    = trades>=30, win>=75%, PF>=3.0, Wilson>=70%, binom<0.001
gate_WF    = win>=70% em cada janela com >=3 trades (min 2 de 3 janelas validas)
gates_B    = val_trades>=15, val_win>=75%, val_avg>=4.0%, binom<0.05
gate_C     = FDR q < 0.05
gate_Boot  = bootstrap CI95 lower bound do avg return mining > 0.0%
engine     = max_factors=3, max_promoted_2f=1500, max_accs=30000000, min_mining_bars=220

==========================================
MINING (8 workers)
==========================================
split 83 tickers em 8 batches
[mining] disparando 8 processos paralelos...
[mining] worker 0 (PID 5747) batch=reports/r10-20260526-035552/_tmp/swing-batch-0.txt
[mining] worker 1 (PID 5750) batch=reports/r10-20260526-035552/_tmp/swing-batch-1.txt
[mining] worker 2 (PID 5753) batch=reports/r10-20260526-035552/_tmp/swing-batch-2.txt
[mining] worker 3 (PID 5756) batch=reports/r10-20260526-035552/_tmp/swing-batch-3.txt
[mining] worker 4 (PID 5759) batch=reports/r10-20260526-035552/_tmp/swing-batch-4.txt
[mining] worker 5 (PID 5762) batch=reports/r10-20260526-035552/_tmp/swing-batch-5.txt
[mining] worker 6 (PID 5765) batch=reports/r10-20260526-035552/_tmp/swing-batch-6.txt
[mining] worker 7 (PID 5768) batch=reports/r10-20260526-035552/_tmp/swing-batch-7.txt
[mining] todos workers terminaram em 4003s (falhas=0)
[mining] concatenado: reports/r10-20260526-035552/r10-mining.csv (1589925 linhas)
==========================================
VALIDATE
==========================================
Traceback (most recent call last):
  File "/home/gain/gain/R10/tools/validate_r10.py", line 17, in <module>
    from R9.tools.validate_r9 import (  # noqa: E402
ModuleNotFoundError: No module named 'R9'
=== VALIDATE ===
R10 validate | input rows (Gate A passed): 1589925
  passa Wilson CI95 >= 70.0%: 357325 / 1589925
  passa binomial p mining < 0.001: 357325 / 357325
  passa walk-forward (win >= 70.0% em cada janela com >= 3 trades): 212472 / 357325
  passa Gate B (val_trades >= 15, win >= 75.0%, avg >= 4.0%): 1863 / 212472
  passa FDR q < 0.05: 1863 / 1863
  calculando bootstrap CI95 para 1863 sobreviventes...
  passa bootstrap CI95 lower > 0.0%: 1863 / 1863
R10 validate DONE | validated rows: 1863 | csv=reports/r10-20260526-035552/r10-validated.csv
=== BUILD FINAL ===
R10 build | validated rows: 1863
R10 build DONE | final csv: r10-final.csv (163 setups, 58 tickers)

DONE - R10 finalizado
total 1.6G
drwxrwxr-x 2 gain gain 4.0K May 26 05:02 _tmp
-rw-rw-r-- 1 gain gain 103K May 26 13:17 r10-final.csv
-rw-rw-r-- 1 gain gain 1.6G May 26 05:02 r10-mining.csv
-rw-rw-r-- 1 gain gain 3.6K May 26 13:17 r10-oos-report.md
-rw-rw-r-- 1 gain gain 8.5K May 26 13:17 r10-report.md
-rw-rw-r-- 1 gain gain 103K May 26 13:17 r10-signals-ready.csv
-rw-rw-r-- 1 gain gain 1.2M May 26 13:17 r10-validated-slim.csv
-rw-rw-r-- 1 gain gain 2.5M May 26 13:17 r10-validated.csv
-rw-rw-r-- 1 gain gain 2.8K May 26 13:17 r10.log
