==========================================
R11 PARALELO - Daytrade (3 familias + Walk-Forward + Bootstrap)
==========================================
run_id     = 20260526-131748
out_dir    = reports/r11-20260526-131748
vCPU disp. = 8, workers=8
mining     = 2018-01-01 a 2024-12-31 (walk-forward: m1<=2020-12-31, m2<=2022-12-31, m3<=2024-12-31)
val        = 2025-01-01 a 2025-12-31
oos        = 2026-01-01 a 2026-05-25
gates_A    = trades>=30, win>=60%, PF>=1.8, Wilson>=55%, binom<0.01
gate_WF    = win>=60% em cada janela com >=3 trades
gates_B    = val_trades>=10, val_win>=60%, val_avg>=0.5%, binom<0.05
gate_C     = FDR q < 0.05
gate_Boot  = bootstrap CI95 lower > 0.0%
engine     = max_factors=3, max_promoted_2f=1500, max_accs=30000000, min_mining_bars=220

==========================================
MINING (8 workers)
==========================================
split 83 tickers em 8 batches
[mining] disparando 8 processos paralelos...
[mining] worker 0 (PID 13123) batch=reports/r11-20260526-131748/_tmp/day-batch-0.txt
[mining] worker 1 (PID 13126) batch=reports/r11-20260526-131748/_tmp/day-batch-1.txt
[mining] worker 2 (PID 13129) batch=reports/r11-20260526-131748/_tmp/day-batch-2.txt
[mining] worker 3 (PID 13132) batch=reports/r11-20260526-131748/_tmp/day-batch-3.txt
[mining] worker 4 (PID 13135) batch=reports/r11-20260526-131748/_tmp/day-batch-4.txt
[mining] worker 5 (PID 13138) batch=reports/r11-20260526-131748/_tmp/day-batch-5.txt
[mining] worker 6 (PID 13141) batch=reports/r11-20260526-131748/_tmp/day-batch-6.txt
[mining] worker 7 (PID 13144) batch=reports/r11-20260526-131748/_tmp/day-batch-7.txt
[mining] todos workers terminaram em 4992s (falhas=0)
[mining] concatenado: reports/r11-20260526-131748/r11-mining.csv (3398886 linhas)
==========================================
VALIDATE
==========================================
R10 validate | input rows (Gate A passed): 3398886
  passa Wilson CI95 >= 55.0%: 841867 / 3398886
  passa binomial p mining < 0.01: 841867 / 841867
  passa walk-forward (win >= 60.0% em cada janela com >= 3 trades): 538791 / 841867
  passa Gate B (val_trades >= 10, win >= 60.0%, avg >= 0.5%): 14869 / 538791
  passa FDR q < 0.05: 14869 / 14869
  calculando bootstrap CI95 para 14869 sobreviventes...
  passa bootstrap CI95 lower > 0.0%: 14173 / 14869
R10 validate DONE | validated rows: 14173 | csv=reports/r11-20260526-131748/r11-validated.csv
==========================================
BUILD FINAL
==========================================
R11 build | validated rows: 14173
R11 build DONE | final csv: r11-final.csv (230 setups, 77 tickers)

limpando intermediarios em reports/r11-20260526-131748/_tmp...

DONE - R11 finalizado
total 3.5G
-rw-rw-r-- 1 gain gain 148K May 26 14:45 r11-final.csv
-rw-rw-r-- 1 gain gain 3.4G May 26 14:41 r11-mining.csv
-rw-rw-r-- 1 gain gain 3.4K May 26 14:45 r11-oos-report.md
-rw-rw-r-- 1 gain gain 8.4K May 26 14:45 r11-report.md
-rw-rw-r-- 1 gain gain 148K May 26 14:45 r11-signals-ready.csv
-rw-rw-r-- 1 gain gain 8.8M May 26 14:45 r11-validated-slim.csv
-rw-rw-r-- 1 gain gain  19M May 26 14:45 r11-validated.csv
-rw-rw-r-- 1 gain gain 2.7K May 26 14:45 r11.log
